// Jest Snapshot v1, https://goo.gl/fbAQLP

exports[`renders correctly 1`] = `
<input
  autoComplete="off"
  className="my-2 block w-full rounded-lg border border-gray-300 p-2.5 text-center "
  required={false}
  type="text"
/>
`;
