// Jest Snapshot v1, https://goo.gl/fbAQLP

exports[`renders correctly 1`] = `
<section
  className="max-w-[1250px] mx-auto my-[50px]"
>
  <div
    className=""
  >
    <div
      className="zoom-out keen-slider px-15"
    >
      <div
        className="keen-slider__slide w-full h-full"
      >
        <div
          className="mx-10"
          style={{}}
        >
          <h1
            className="text-3xl font-extrabold text-purple sm:text-5xl"
          >
            Let's Start
          </h1>
          <h1
            className="block text-2xl font-extrabold sm:text-3xl"
          >
            Selling ItemsðŸ“¦
          </h1>
          <img
            alt="..."
            className=" w-full h-full object-cover bg-transparent"
            data-nimg="1"
            decoding="async"
            height={500}
            loading="lazy"
            onError={[Function]}
            onLoad={[Function]}
            src="/_next/image?url=%2Fimages%2Fstudent%20store.png&w=3840&q=75"
            srcSet="/_next/image?url=%2Fimages%2Fstudent%20store.png&w=1200&q=75 1x, /_next/image?url=%2Fimages%2Fstudent%20store.png&w=3840&q=75 2x"
            style={
              {
                "color": "transparent",
              }
            }
            width={1123}
          />
        </div>
      </div>
      <div
        className="keen-slider__slide w-full h-full"
      >
        <div
          className="mx-10"
          style={{}}
        >
          <h1
            className="text-3xl font-extrabold text-purple sm:text-5xl"
          />
          <h1
            className="block text-2xl font-extrabold sm:text-3xl"
          />
          <img
            alt="..."
            className=" w-full h-full object-cover bg-transparent"
            data-nimg="1"
            decoding="async"
            height={500}
            loading="lazy"
            onError={[Function]}
            onLoad={[Function]}
            src="/_next/image?url=https%3A%2F%2Fimages.unsplash.com%2Fphoto-1590004953392-5aba2e72269a%3Fixlib%3Drb-1.2.1%26ixid%3DeyJhcHBfaWQiOjEyMDd9%26auto%3Dformat%26fit%3Dcrop%26h%3D500%26w%3D800%26q%3D80&w=3840&q=75"
            srcSet="/_next/image?url=https%3A%2F%2Fimages.unsplash.com%2Fphoto-1590004953392-5aba2e72269a%3Fixlib%3Drb-1.2.1%26ixid%3DeyJhcHBfaWQiOjEyMDd9%26auto%3Dformat%26fit%3Dcrop%26h%3D500%26w%3D800%26q%3D80&w=1200&q=75 1x, /_next/image?url=https%3A%2F%2Fimages.unsplash.com%2Fphoto-1590004953392-5aba2e72269a%3Fixlib%3Drb-1.2.1%26ixid%3DeyJhcHBfaWQiOjEyMDd9%26auto%3Dformat%26fit%3Dcrop%26h%3D500%26w%3D800%26q%3D80&w=3840&q=75 2x"
            style={
              {
                "color": "transparent",
              }
            }
            width={1123}
          />
        </div>
      </div>
    </div>
  </div>
</section>
`;
