// Jest Snapshot v1, https://goo.gl/fbAQLP

exports[`renders correctly 1`] = `
<div
  className="navbar  m-auto px-10 md:flex md:flex-row py-4 justify-between gap-5 items-center bg-white transition-all 
      "
>
  <div
    className="w-[130px]"
  >
    <img
      alt="logo"
      data-nimg="1"
      decoding="async"
      height={40}
      loading="lazy"
      onError={[Function]}
      onLoad={[Function]}
      src="/_next/image?url=%2Fimg.jpg&w=96&q=75"
      srcSet="/_next/image?url=%2Fimg.jpg&w=48&q=75 1x, /_next/image?url=%2Fimg.jpg&w=96&q=75 2x"
      style={
        {
          "color": "transparent",
        }
      }
      width={40}
    />
  </div>
  <div
    className="flex items-end cursor-pointer absolute right-14 top-8 md:static order-2 md:hidden"
  >
    <div
      className="flex items-end"
      onClick={[Function]}
    >
      <svg
        className="text-2xl text-gray-700"
        fill="currentColor"
        height="1em"
        stroke="currentColor"
        strokeWidth="0"
        style={
          {
            "color": undefined,
          }
        }
        version="1.1"
        viewBox="0 0 17 17"
        width="1em"
        xmlns="http://www.w3.org/2000/svg"
      >
        <g />
        <path
          d="M8.516 0c-4.687 0-8.5 3.813-8.5 8.5s3.813 8.5 8.5 8.5 8.5-3.813 8.5-8.5-3.814-8.5-8.5-8.5zM1.041 9h2.937c0.044 1.024 0.211 2.031 0.513 3h-2.603c-0.481-0.906-0.776-1.923-0.847-3zM3.978 8h-2.937c0.071-1.077 0.366-2.094 0.847-3h2.6c-0.301 0.969-0.467 1.976-0.51 3zM5.547 5h5.896c0.33 0.965 0.522 1.972 0.569 3h-7.034c0.046-1.028 0.239-2.035 0.569-3zM4.978 9h7.035c-0.049 1.028-0.241 2.035-0.572 3h-5.891c-0.331-0.965-0.524-1.972-0.572-3zM13.013 9h2.978c-0.071 1.077-0.366 2.094-0.847 3h-2.644c0.302-0.969 0.469-1.976 0.513-3zM13.013 8c-0.043-1.024-0.209-2.031-0.51-3h2.641c0.48 0.906 0.775 1.923 0.847 3h-2.978zM14.502 4h-2.354c-0.392-0.955-0.916-1.858-1.55-2.7 1.578 0.457 2.938 1.42 3.904 2.7zM9.074 1.028c0.824 0.897 1.484 1.9 1.972 2.972h-5.102c0.487-1.071 1.146-2.073 1.97-2.97 0.199-0.015 0.398-0.030 0.602-0.030 0.188 0 0.373 0.015 0.558 0.028zM6.383 1.313c-0.629 0.838-1.151 1.737-1.54 2.687h-2.314c0.955-1.267 2.297-2.224 3.854-2.687zM2.529 13h2.317c0.391 0.951 0.915 1.851 1.547 2.689-1.561-0.461-2.907-1.419-3.864-2.689zM7.926 15.97c-0.826-0.897-1.488-1.899-1.978-2.97h5.094c-0.49 1.072-1.152 2.075-1.979 2.972-0.181 0.013-0.363 0.028-0.547 0.028-0.2 0-0.395-0.015-0.59-0.030zM10.587 15.703c0.636-0.842 1.164-1.747 1.557-2.703h2.358c-0.968 1.283-2.332 2.247-3.915 2.703z"
        />
      </svg>
      <svg
        className="text-xl text-violet-700"
        fill="none"
        height="1em"
        stroke="currentColor"
        strokeLinecap="round"
        strokeLinejoin="round"
        strokeWidth="2"
        style={
          {
            "color": undefined,
          }
        }
        viewBox="0 0 24 24"
        width="1em"
        xmlns="http://www.w3.org/2000/svg"
      >
        <path
          d="M0 0h24v24H0z"
          fill="none"
          stroke="none"
        />
        <path
          d="M17 13v-6l-5 4l-5 -4v6l5 4z"
        />
      </svg>
    </div>
    <div
      className="relative z-50 "
    >
      <div
        className="absolute left-[-100px] top-2 bg-white capitalize border border-solid border-violet-600 hidden"
      >
        <div
          className="my-2 px-5 py-2 hover:bg-gray-200 transition-all duration-500"
        >
          english
        </div>
        <div
          className="my-2 px-5 py-2 hover:bg-gray-200 transition-all duration-500"
        >
          arabic
        </div>
      </div>
    </div>
  </div>
  <svg
    className="absolute right-6 top-8 text-2xl cursor-pointer md:hidden "
    fill="none"
    height="1em"
    onClick={[Function]}
    stroke="currentColor"
    strokeWidth="0"
    style={
      {
        "color": undefined,
      }
    }
    viewBox="0 0 15 15"
    width="1em"
    xmlns="http://www.w3.org/2000/svg"
  >
    <path
      clipRule="evenodd"
      d="M1.5 3C1.22386 3 1 3.22386 1 3.5C1 3.77614 1.22386 4 1.5 4H13.5C13.7761 4 14 3.77614 14 3.5C14 3.22386 13.7761 3 13.5 3H1.5ZM1 7.5C1 7.22386 1.22386 7 1.5 7H13.5C13.7761 7 14 7.22386 14 7.5C14 7.77614 13.7761 8 13.5 8H1.5C1.22386 8 1 7.77614 1 7.5ZM1 11.5C1 11.2239 1.22386 11 1.5 11H13.5C13.7761 11 14 11.2239 14 11.5C14 11.7761 13.7761 12 13.5 12H1.5C1.22386 12 1 11.7761 1 11.5Z"
      fill="currentColor"
      fillRule="evenodd"
    />
  </svg>
  <svg
    className="absolute right-6 top-8 text-2xl cursor-pointer md:hidden hidden"
    fill="currentColor"
    height="1em"
    onClick={[Function]}
    stroke="currentColor"
    strokeWidth="0"
    style={
      {
        "color": undefined,
      }
    }
    viewBox="0 0 1024 1024"
    width="1em"
    xmlns="http://www.w3.org/2000/svg"
  >
    <path
      d="M563.8 512l262.5-312.9c4.4-5.2.7-13.1-6.1-13.1h-79.8c-4.7 0-9.2 2.1-12.3 5.7L511.6 449.8 295.1 191.7c-3-3.6-7.5-5.7-12.3-5.7H203c-6.8 0-10.5 7.9-6.1 13.1L459.4 512 196.9 824.9A7.95 7.95 0 0 0 203 838h79.8c4.7 0 9.2-2.1 12.3-5.7l216.5-258.1 216.5 258.1c3 3.6 7.5 5.7 12.3 5.7h79.8c6.8 0 10.5-7.9 6.1-13.1L563.8 512z"
    />
  </svg>
  <div
    className="flex-1 md:static flex items-center flex-col gap-5 md:flex-row md:gap-2 md:z-auto absolute  top-[-1000px] left-0  w-full  md:w-auto bg-white p-5 md:p-0 transition-all duration-500 ease-in-out"
  >
    <div
      className="flex flex-col md:flex-row gap-5"
    >
      <a
        className="relative mx-4 capitalize text-sm hover:text-violet-800   transition-all duration-1000 before:absolute before:-bottom-2 before:left-0  before:h-[1px]  before:w-0 before:opacity-0 before:bg-violet-700 before:transition-all before:duration-500 hover:before:w-full hover:before:opacity-100"
        href="/donation"
        onClick={[Function]}
        onMouseEnter={[Function]}
        onTouchStart={[Function]}
      >
        Donation
      </a>
      <a
        className="relative mx-4 capitalize text-sm  hover:text-violet-800   transition-all duration-1000 before:absolute before:-bottom-2 before:left-0  before:h-[1px]  before:w-0 before:opacity-0 before:bg-violet-700 before:transition-all before:duration-500 hover:before:w-full hover:before:opacity-100"
        href="/about-us"
        onClick={[Function]}
        onMouseEnter={[Function]}
        onTouchStart={[Function]}
      >
        about us
      </a>
    </div>
    <div
      className=" flex-1 border flex items-center py-2 px-4 rounded-3xl"
    >
      <input
        className="search w-full text-sm  placeholder:text-gray-300 placeholder:capitalize text-gray-600"
        placeholder="search here"
        type="text"
      />
      <div
        className=""
      >
        <svg
          fill="currentColor"
          height="1em"
          stroke="currentColor"
          strokeWidth="0"
          style={
            {
              "color": undefined,
            }
          }
          viewBox="0 0 1024 1024"
          width="1em"
          xmlns="http://www.w3.org/2000/svg"
        >
          <path
            d="M909.6 854.5L649.9 594.8C690.2 542.7 712 479 712 412c0-80.2-31.3-155.4-87.9-212.1-56.6-56.7-132-87.9-212.1-87.9s-155.5 31.3-212.1 87.9C143.2 256.5 112 331.8 112 412c0 80.1 31.3 155.5 87.9 212.1C256.5 680.8 331.8 712 412 712c67 0 130.6-21.8 182.7-62l259.7 259.6a8.2 8.2 0 0 0 11.6 0l43.6-43.5a8.2 8.2 0 0 0 0-11.6zM570.4 570.4C528 612.7 471.8 636 412 636s-116-23.3-158.4-65.6C211.3 528 188 471.8 188 412s23.3-116.1 65.6-158.4C296 211.3 352.2 188 412 188s116.1 23.2 158.4 65.6S636 352.2 636 412s-23.3 116.1-65.6 158.4z"
          />
        </svg>
      </div>
    </div>
    <div
      className="md:flex items-end cursor-pointer hidden"
    >
      <div
        className="flex items-end"
        onClick={[Function]}
      >
        <svg
          className="text-2xl text-gray-700"
          fill="currentColor"
          height="1em"
          stroke="currentColor"
          strokeWidth="0"
          style={
            {
              "color": undefined,
            }
          }
          version="1.1"
          viewBox="0 0 17 17"
          width="1em"
          xmlns="http://www.w3.org/2000/svg"
        >
          <g />
          <path
            d="M8.516 0c-4.687 0-8.5 3.813-8.5 8.5s3.813 8.5 8.5 8.5 8.5-3.813 8.5-8.5-3.814-8.5-8.5-8.5zM1.041 9h2.937c0.044 1.024 0.211 2.031 0.513 3h-2.603c-0.481-0.906-0.776-1.923-0.847-3zM3.978 8h-2.937c0.071-1.077 0.366-2.094 0.847-3h2.6c-0.301 0.969-0.467 1.976-0.51 3zM5.547 5h5.896c0.33 0.965 0.522 1.972 0.569 3h-7.034c0.046-1.028 0.239-2.035 0.569-3zM4.978 9h7.035c-0.049 1.028-0.241 2.035-0.572 3h-5.891c-0.331-0.965-0.524-1.972-0.572-3zM13.013 9h2.978c-0.071 1.077-0.366 2.094-0.847 3h-2.644c0.302-0.969 0.469-1.976 0.513-3zM13.013 8c-0.043-1.024-0.209-2.031-0.51-3h2.641c0.48 0.906 0.775 1.923 0.847 3h-2.978zM14.502 4h-2.354c-0.392-0.955-0.916-1.858-1.55-2.7 1.578 0.457 2.938 1.42 3.904 2.7zM9.074 1.028c0.824 0.897 1.484 1.9 1.972 2.972h-5.102c0.487-1.071 1.146-2.073 1.97-2.97 0.199-0.015 0.398-0.030 0.602-0.030 0.188 0 0.373 0.015 0.558 0.028zM6.383 1.313c-0.629 0.838-1.151 1.737-1.54 2.687h-2.314c0.955-1.267 2.297-2.224 3.854-2.687zM2.529 13h2.317c0.391 0.951 0.915 1.851 1.547 2.689-1.561-0.461-2.907-1.419-3.864-2.689zM7.926 15.97c-0.826-0.897-1.488-1.899-1.978-2.97h5.094c-0.49 1.072-1.152 2.075-1.979 2.972-0.181 0.013-0.363 0.028-0.547 0.028-0.2 0-0.395-0.015-0.59-0.030zM10.587 15.703c0.636-0.842 1.164-1.747 1.557-2.703h2.358c-0.968 1.283-2.332 2.247-3.915 2.703z"
          />
        </svg>
        <svg
          className="text-xl text-violet-700"
          fill="none"
          height="1em"
          stroke="currentColor"
          strokeLinecap="round"
          strokeLinejoin="round"
          strokeWidth="2"
          style={
            {
              "color": undefined,
            }
          }
          viewBox="0 0 24 24"
          width="1em"
          xmlns="http://www.w3.org/2000/svg"
        >
          <path
            d="M0 0h24v24H0z"
            fill="none"
            stroke="none"
          />
          <path
            d="M17 13v-6l-5 4l-5 -4v6l5 4z"
          />
        </svg>
      </div>
      <div
        className="relative"
      >
        <div
          className="absolute left-[-100px] top-5 bg-white capitalize hidden"
        >
          <div
            className="my-2 px-5 py-2 hover:bg-gray-200 transition-all duration-500"
          >
            english
          </div>
          <div
            className="my-2 px-5 py-2 hover:bg-gray-200 transition-all duration-500"
          >
            arabic
          </div>
        </div>
      </div>
    </div>
    <div
      className="flex  justify-between items-center gap-5 flex-col md:flex-row "
    >
      <div
        className="flex gap-3 capitalize flex-col md:flex-row"
      >
        <a
          href="/signup"
          onClick={[Function]}
          onMouseEnter={[Function]}
          onTouchStart={[Function]}
        >
          <div
            className="bg-purple-light py-2 px-5 text-white rounded-3xl text-sm hover:bg-violet-800 transition-all cursor-pointer"
          >
            sign up
          </div>
        </a>
        <a
          href="/sell-items"
          onClick={[Function]}
          onMouseEnter={[Function]}
          onTouchStart={[Function]}
        >
          <div
            className="bg-purple-light py-2 px-5 text-white rounded-3xl text-sm hover:bg-violet-800 transition-all cursor-pointer"
          >
            sell items
          </div>
        </a>
      </div>
      <div
        className="text-2xl text-orange-600 hover:text-orange-700 transition"
      >
        <a
          href="/cart"
          onClick={[Function]}
          onMouseEnter={[Function]}
          onTouchStart={[Function]}
        >
           
          <svg
            fill="currentColor"
            height="1em"
            stroke="currentColor"
            strokeWidth="0"
            style={
              {
                "color": undefined,
              }
            }
            viewBox="0 0 1024 1024"
            width="1em"
            xmlns="http://www.w3.org/2000/svg"
          >
            <path
              d="M922.9 701.9H327.4l29.9-60.9 496.8-.9c16.8 0 31.2-12 34.2-28.6l68.8-385.1c1.8-10.1-.9-20.5-7.5-28.4a34.99 34.99 0 0 0-26.6-12.5l-632-2.1-5.4-25.4c-3.4-16.2-18-28-34.6-28H96.5a35.3 35.3 0 1 0 0 70.6h125.9L246 312.8l58.1 281.3-74.8 122.1a34.96 34.96 0 0 0-3 36.8c6 11.9 18.1 19.4 31.5 19.4h62.8a102.43 102.43 0 0 0-20.6 61.7c0 56.6 46 102.6 102.6 102.6s102.6-46 102.6-102.6c0-22.3-7.4-44-20.6-61.7h161.1a102.43 102.43 0 0 0-20.6 61.7c0 56.6 46 102.6 102.6 102.6s102.6-46 102.6-102.6c0-22.3-7.4-44-20.6-61.7H923c19.4 0 35.3-15.8 35.3-35.3a35.42 35.42 0 0 0-35.4-35.2zM305.7 253l575.8 1.9-56.4 315.8-452.3.8L305.7 253zm96.9 612.7c-17.4 0-31.6-14.2-31.6-31.6 0-17.4 14.2-31.6 31.6-31.6s31.6 14.2 31.6 31.6a31.6 31.6 0 0 1-31.6 31.6zm325.1 0c-17.4 0-31.6-14.2-31.6-31.6 0-17.4 14.2-31.6 31.6-31.6s31.6 14.2 31.6 31.6a31.6 31.6 0 0 1-31.6 31.6z"
            />
          </svg>
           
        </a>
      </div>
    </div>
  </div>
</div>
`;
