// Jest Snapshot v1, https://goo.gl/fbAQLP

exports[`renders correctly 1`] = `
<button
  className="h-10 w-40 lg:w-48 lg:px-5 p-1 px-4 rounded-lg border-1 bg-pumpkin text-md font-normal text-white shadow-sm"
  type="button"
/>
`;
