// Jest Snapshot v1, https://goo.gl/fbAQLP

exports[`renders correctly 1`] = `
<div
  className="items-center bg-gray-50 rounded-lg shadow sm:flex"
>
  <a
    href="#"
  >
    <img
      alt=""
      className="w-full rounded-lg sm:rounded-none sm:rounded-l-lg"
      data-nimg="1"
      decoding="async"
      height={100}
      loading="lazy"
      onError={[Function]}
      onLoad={[Function]}
      src="cat-photo.svg"
      style={
        {
          "color": "transparent",
        }
      }
      width={100}
    />
  </a>
  <div
    className="p-5"
  >
    <h3
      className="text-xl font-bold tracking-tight text-black"
    >
      Full Name
    </h3>
    <span
      className="text-gray-500"
    >
      Web Developer
    </span>
    <p
      className="mt-3 mb-4 font-semibold text-gray-500"
    >
      describe
    </p>
    <ul
      className="flex space-x-4 sm:mt-0"
    >
      <li>
        <a
          className="text-gray-500 hover:text-gray-900"
          href="#"
        >
          <img
            alt="facebook"
            data-nimg="1"
            decoding="async"
            height={35}
            loading="lazy"
            onError={[Function]}
            onLoad={[Function]}
            src="facebook-circle.svg"
            style={
              {
                "color": "transparent",
              }
            }
            width={35}
          />
        </a>
      </li>
      <li>
        <a
          className="text-gray-500 hover:text-gray-900"
          href="#"
        >
          <img
            alt="twitter"
            data-nimg="1"
            decoding="async"
            height={35}
            loading="lazy"
            onError={[Function]}
            onLoad={[Function]}
            src="twitter-circle.svg"
            style={
              {
                "color": "transparent",
              }
            }
            width={35}
          />
        </a>
      </li>
      <li>
        <a
          className="text-gray-500 hover:text-gray-900"
          href="#"
        >
          <img
            alt="github"
            data-nimg="1"
            decoding="async"
            height={35}
            loading="lazy"
            onError={[Function]}
            onLoad={[Function]}
            src="github.svg"
            style={
              {
                "color": "transparent",
              }
            }
            width={35}
          />
        </a>
      </li>
    </ul>
  </div>
</div>
`;
